// Jest Snapshot v1, https://goo.gl/fbAQLP

exports[`RegisterForm UnitTest Snapshot Test Of RegisterForm 1`] = `
<DocumentFragment>
  <main
    class="wrapper"
  >
    <h1
      class="title"
    >
      新規会員登録
    </h1>
    <div
      class="form"
    >
      <div
        class="formItem"
      >
        <label
          class="label left"
          for="lastName"
        >
          姓
          <span
            class="required"
          >
            必須
          </span>
        </label>
        <input
          class="input"
          id="lastName"
          name="lastName"
          type="text"
        />
      </div>
      <div
        class="formItem"
      >
        <label
          class="label left"
          for="firstName"
        >
          名
          <span
            class="required"
          >
            必須
          </span>
        </label>
        <input
          class="input"
          id="firstName"
          name="firstName"
          type="text"
        />
      </div>
      <div
        class="formItem"
      >
        <label
          class="label left"
          for="lastNameKana"
        >
          セイ
          <span
            class="required"
          >
            必須
          </span>
        </label>
        <input
          class="input"
          id="lastNameKana"
          name="lastNameKana"
          type="text"
        />
      </div>
      <div
        class="formItem"
      >
        <label
          class="label left"
          for="firstNameKana"
        >
          メイ
          <span
            class="required"
          >
            必須
          </span>
        </label>
        <input
          class="input"
          id="firstNameKana"
          name="firstNameKana"
          type="text"
        />
      </div>
      <div
        class="fullWidth"
      >
        <label
          class="label left"
          for="gender"
        >
          姓別
          <span
            class="required"
          >
            必須
          </span>
        </label>
        <div
          class="radioGroup"
        >
          <label
            class="radioLabel"
          >
            <input
              name="gender"
              type="radio"
              value="male"
            />
            <span
              class="radioButton"
            />
            男性
          </label>
          <label
            class="radioLabel"
          >
            <input
              name="gender"
              type="radio"
              value="female"
            />
            <span
              class="radioButton"
            />
            女性
          </label>
          <label
            class="radioLabel"
          >
            <input
              name="gender"
              type="radio"
              value="other"
            />
            <span
              class="radioButton"
            />
            その他
          </label>
        </div>
      </div>
      <div
        class="fullWidth"
      >
        <label
          class="label left"
          for="email"
        >
          メールアドレス
          <span
            class="required"
          >
            必須
          </span>
        </label>
        <input
          class="input"
          id="email"
          name="email"
          type="email"
        />
      </div>
      <div
        class="fullWidth alignLeft"
      >
        <label
          class="label left"
          for="birthDate"
        >
          生年月日
          <span
            class="required"
          >
            必須
          </span>
        </label>
        <input
          class="birthdayInput"
          id="birthDate"
          name="birthDate"
          type="date"
        />
      </div>
      <div
        class="formItem"
      >
        <label
          class="label left"
          for="password"
        >
          パスワード
          <span
            class="required"
          >
            必須
          </span>
        </label>
        <input
          class="input"
          id="password"
          name="password"
          type="password"
        />
      </div>
      <div
        class="formItem"
      >
        <label
          class="label left"
          for="confirmPassword"
        >
          パスワード（確認）
          <span
            class="required"
          >
            必須
          </span>
        </label>
        <input
          class="input"
          id="confirmPassword"
          name="confirmPassword"
          type="password"
        />
      </div>
      <div
        class="fullWidth alignLeft"
      >
        <label
          class="label left"
          for="iconUpload"
        >
          ユーザーアイコン
          <span
            class="required"
          >
            必須
          </span>
        </label>
        <label
          for="fileInput"
        >
          <button
            class="button default size-S"
          >
            画像をアップロード
          </button>
          <input
            accept="image/*"
            class="inputHidden"
            id="fileInput"
            type="file"
          />
        </label>
      </div>
      <div
        class="fullWidth alignCenter"
      >
        <label
          class="checkbox"
        >
          <input
            name="agreement"
            type="checkbox"
          />
          <span
            class="label"
          >
            利用規約に同意する 利用規約は
            <a
              class="agreementLink"
              href="https://luna-matching.notion.site/a714620bbd8740d1ac98f2326fbd0bbc"
              rel="noopener noreferrer"
              target="_blank"
            >
              こちら
            </a>
          </span>
        </label>
        <button
          class="button default size-S"
        >
          アカウント作成
        </button>
        <p
          class="fullWidth"
        >
          既にアカウントをお持ちですか?
          <a
            class="loginLink"
            href="/login"
          >
            ログインは 
            <span>
              こちら
            </span>
          </a>
        </p>
      </div>
    </div>
  </main>
</DocumentFragment>
`;
